// Jest Snapshot v1, https://goo.gl/fbAQLP

exports[`Container should match the snapshot 1`] = `
<div
  className="Container"
  key="beers"
>
  <Connect(BeerCard)
    beer={
      Object {
        "id": 1,
      }
    }
    bookmark={true}
    key="1"
    previous={false}
    type="bookmarks"
  />
  <Connect(BeerCard)
    beer={
      Object {
        "id": 2,
      }
    }
    bookmark={true}
    key="2"
    previous={false}
    type="bookmarks"
  />
  <Connect(BeerCard)
    beer={
      Object {
        "id": 3,
      }
    }
    bookmark={false}
    key="3"
    previous={false}
    type="bookmarks"
  />
  <Connect(BeerCard)
    beer={
      Object {
        "id": 4,
      }
    }
    bookmark={false}
    key="4"
    previous={true}
    type="bookmarks"
  />
  <Connect(BeerCard)
    beer={
      Object {
        "id": 5,
      }
    }
    bookmark={false}
    key="5"
    previous={true}
    type="bookmarks"
  />
  <Connect(BeerCard)
    beer={
      Object {
        "id": 6,
      }
    }
    bookmark={false}
    key="6"
    previous={true}
    type="bookmarks"
  />
</div>
`;
