// Jest Snapshot v1, https://goo.gl/fbAQLP

exports[`Nav should match the snapshot 1`] = `
<div
  className="Nav"
>
  <Link
    to="/"
  >
    Home
  </Link>
  <h4>
    Your Brewery:
  </h4>
  <ul
    className="Nav__ul--your-brewery"
  >
    <Link
      to="/bookmarked"
    >
      <li
        className="Nav__li Nav__li--bookmarked"
      >
        Bookmarked
      </li>
    </Link>
    <Link
      to="/previous_brews"
    >
      <li
        className="Nav__li Nav__li--previous-brews"
      >
        Previous Brews
      </li>
    </Link>
  </ul>
</div>
`;
