// Jest Snapshot v1, https://goo.gl/fbAQLP

exports[`SearchForm should match the snapshot 1`] = `
<Fragment>
  <form
    className="SearchForm"
    onSubmit={[Function]}
  >
    <input
      className="SearchForm__input--search-term"
      name="searchTerm"
      onChange={[Function]}
      placeholder="Search by name or description"
      value=""
    />
    <section>
      <label
        htmlFor="hops"
      >
        Hops:
      </label>
      <select
        classNamePrefix="list"
        id="hops"
        name="hops"
        onChange={[Function]}
        value="All"
      >
        <option
          id="all-hops"
          value=""
        >
          All
        </option>
        <option
          key="0"
          value="Amarillo"
        >
          Amarillo
        </option>
        <option
          key="1"
          value="First Gold"
        >
          First Gold
        </option>
        <option
          key="2"
          value="Fuggles"
        >
          Fuggles
        </option>
        <option
          key="3"
          value="Simcoe"
        >
          Simcoe
        </option>
      </select>
    </section>
    <section>
      <label
        htmlFor="malt"
      >
        Malt:
      </label>
      <select
        id="malt"
        onChange={[Function]}
        value="All"
      >
        <option
          value=""
        >
          All
        </option>
        <option
          key="0"
          value="Amber"
        >
          Amber
        </option>
        <option
          key="1"
          value="Brown"
        >
          Brown
        </option>
        <option
          key="2"
          value="Caramalt"
        >
          Caramalt
        </option>
        <option
          key="3"
          value="Flaked Oats"
        >
          Flaked Oats
        </option>
        <option
          key="4"
          value="Wheat"
        >
          Wheat
        </option>
      </select>
    </section>
    <section>
      <label
        htmlFor="yeast"
      >
        Yeast:
      </label>
      <select
        id="yeast"
        onChange={[Function]}
        value="All"
      >
        <option
          value=""
        >
          All
        </option>
        <option
          key="0"
          value="yeast"
        >
          yeast
        </option>
      </select>
    </section>
    <button
      onClick={[Function]}
      type="button"
    >
      Search
    </button>
  </form>
  <h5>
    You searched for: 
     
     
     
  </h5>
</Fragment>
`;
